app/page.tsx(10,1): error TS6133: 'cn' is declared but its value is never read.
app/speaking/page.tsx(4,15): error TS6133: 'MicOff' is declared but its value is never read.
app/speaking/page.tsx(10,36): error TS6133: 'input' is declared but its value is never read.
app/speaking/page.tsx(11,12): error TS6133: 'isListening' is declared but its value is never read.
app/speaking/page.tsx(12,12): error TS6133: 'isSpeaking' is declared but its value is never read.
app/speaking/page.tsx(64,17): error TS18048: 'lastMsg' is possibly 'undefined'.
app/speaking/page.tsx(64,49): error TS18048: 'lastMsg' is possibly 'undefined'.
app/speaking/page.tsx(65,35): error TS18048: 'lastMsg' is possibly 'undefined'.
app/speaking/page.tsx(66,23): error TS18048: 'lastMsg' is possibly 'undefined'.
app/tutors/page.tsx(4,35): error TS6133: 'Globe' is declared but its value is never read.
